IP Generation Report
Sat Aug 15 19:28:57 2026
Quartus Prime Version 25.3.1 Build 100 12/19/2025 SC Pro Edition


---------------------
; Table of Contents ;
---------------------
  1. Settings
  2. IP Summary
  3. Generation Stages



+-----------------------------------------------+
; Settings                                      ;
+------------------------+----------------------+
; Option                 ; Setting              ;
+------------------------+----------------------+
; IP Regeneration Policy ; Never Regenerate IPs ;
; Parallel Enabled       ; false                ;
; Processes Spawned      ; 1                    ;
+------------------------+----------------------+


+-----------------------------------------------------------+
; IP Summary                                                ;
+----------------------------------------+------------------+
; IP File                                ; Elapsed Time (s) ;
+----------------------------------------+------------------+
; C:/trumpf/ghrd_base/GHRD/qsys_top.qsys ; 22.257           ;
+----------------------------------------+------------------+


+------------------------------------+
; Generation Stages                  ;
+-----------------+------------------+
; Stage           ; Elapsed Time (s) ;
+-----------------+------------------+
; Qsys Validation ; 0.0              ;
; Qsys Generation ; 0                ;
+-----------------+------------------+


